ra
pb
pb
ra
pb
pb
pb
ra
pb
pb
ra
ra
ra
ra
pb
pb
pb
ra
ra
pb
ra
pb
ra
ra
pb
pb
ra
pb
pb
pb
pb
pb
ra
pb
pb
ra
pb
ra
ra
pb
pb
ra
ra
ra
ra
ra
ra
ra
pb
ra
pb
pb
ra
pb
ra
ra
pb
ra
ra
ra
ra
ra
pb
pb
pb
pb
ra
pb
ra
ra
pb
ra
pb
ra
ra
ra
ra
pb
pb
ra
pb
pb
ra
pb
ra
pb
pb
pb
pb
pb
pb
pb
ra
ra
pb
ra
ra
ra
ra
pb
pa
pa
pa
pa
pa
pa
pa
pa
pa
pa
pa
pa
pa
pa
pa
pa
pa
pa
pa
pa
pa
pa
pa
pa
pa
pa
pa
pa
pa
pa
pa
pa
pa
pa
pa
pa
pa
pa
pa
pa
pa
pa
pa
pa
pa
pa
pa
pa
pa
pa
ra
pb
ra
pb
ra
ra
pb
pb
pb
pb
ra
pb
ra
pb
ra
pb
ra
ra
ra
ra
pb
ra
pb
ra
ra
ra
ra
ra
ra
pb
pb
ra
ra
pb
pb
pb
pb
pb
pb
pb
pb
pb
ra
pb
ra
pb
ra
ra
pb
ra
ra
pb
pb
ra
pb
ra
pb
pb
pb
ra
ra
ra
pb
pb
ra
ra
pb
ra
ra
pb
ra
ra
ra
ra
pb
pb
ra
ra
pb
pb
ra
pb
ra
ra
pb
ra
ra
ra
pb
ra
pb
pb
ra
pb
pb
ra
pb
pb
pb
pb
pa
pa
pa
pa
pa
pa
pa
pa
pa
pa
pa
pa
pa
pa
pa
pa
pa
pa
pa
pa
pa
pa
pa
pa
pa
pa
pa
pa
pa
pa
pa
pa
pa
pa
pa
pa
pa
pa
pa
pa
pa
pa
pa
pa
pa
pa
pa
pa
pa
pa
pb
ra
ra
ra
pb
ra
pb
ra
ra
pb
pb
pb
pb
ra
ra
pb
ra
pb
pb
pb
ra
pb
ra
ra
pb
pb
pb
pb
ra
ra
pb
pb
pb
pb
ra
ra
pb
ra
ra
ra
ra
pb
pb
ra
pb
ra
ra
ra
pb
pb
ra
pb
ra
ra
pb
pb
ra
pb
ra
ra
pb
ra
ra
pb
ra
ra
pb
ra
pb
pb
ra
pb
pb
pb
pb
pb
pb
ra
pb
ra
ra
pb
ra
pb
pb
ra
pb
ra
pb
ra
ra
ra
ra
pb
pb
ra
pb
pb
ra
pb
pa
pa
pa
pa
pa
pa
pa
pa
pa
pa
pa
pa
pa
pa
pa
pa
pa
pa
pa
pa
pa
pa
pa
pa
pa
pa
pa
pa
pa
pa
pa
pa
pa
pa
pa
pa
pa
pa
pa
pa
pa
pa
pa
pa
pa
pa
pa
pa
pa
pa
pa
pa
pb
ra
ra
ra
pb
pb
pb
ra
pb
ra
pb
ra
pb
ra
ra
pb
pb
pb
pb
ra
ra
pb
pb
ra
ra
pb
ra
pb
ra
pb
ra
ra
pb
pb
ra
pb
pb
pb
ra
pb
ra
pb
pb
ra
ra
ra
pb
ra
pb
pb
ra
pb
ra
ra
ra
pb
ra
pb
pb
pb
ra
pb
ra
pb
ra
pb
pb
ra
pb
pb
pb
ra
pb
ra
ra
ra
ra
pb
pb
ra
ra
pb
ra
pb
ra
ra
pb
pb
pb
pb
ra
pb
ra
pb
pb
ra
ra
ra
ra
pb
pa
pa
pa
pa
pa
pa
pa
pa
pa
pa
pa
pa
pa
pa
pa
pa
pa
pa
pa
pa
pa
pa
pa
pa
pa
pa
pa
pa
pa
pa
pa
pa
pa
pa
pa
pa
pa
pa
pa
pa
pa
pa
pa
pa
pa
pa
pa
pa
pa
pa
pa
pa
ra
pb
ra
pb
pb
pb
ra
pb
pb
pb
ra
ra
pb
ra
pb
pb
pb
ra
ra
pb
ra
pb
ra
pb
pb
pb
ra
ra
ra
pb
pb
ra
pb
ra
pb
pb
ra
pb
ra
ra
pb
ra
ra
pb
pb
ra
pb
ra
ra
pb
ra
pb
pb
ra
ra
pb
ra
pb
pb
ra
ra
pb
ra
pb
pb
pb
pb
ra
ra
ra
ra
pb
pb
pb
ra
ra
ra
ra
pb
pb
ra
pb
ra
pb
ra
pb
pb
ra
ra
ra
ra
pb
pb
pb
ra
pb
pb
pb
ra
ra
pa
pa
pa
pa
pa
pa
pa
pa
pa
pa
pa
pa
pa
pa
pa
pa
pa
pa
pa
pa
pa
pa
pa
pa
pa
pa
pa
pa
pa
pa
pa
pa
pa
pa
pa
pa
pa
pa
pa
pa
pa
pa
pa
pa
pa
pa
pa
pa
pa
pa
pa
pa
ra
pb
pb
ra
ra
pb
ra
pb
pb
pb
ra
ra
ra
pb
ra
pb
pb
pb
ra
pb
ra
pb
ra
pb
pb
ra
pb
pb
pb
pb
ra
pb
pb
ra
pb
ra
pb
pb
ra
pb
pb
pb
ra
pb
ra
pb
pb
ra
pb
ra
pb
pb
pb
pb
ra
ra
pb
pb
pb
ra
pb
ra
pb
pb
pb
pb
ra
ra
pb
pb
pb
pb
ra
pb
ra
pb
ra
pb
pb
ra
pb
pb
pb
ra
pb
pb
pb
ra
ra
pb
pb
pb
ra
pb
ra
pb
pb
pb
ra
pb
pa
pa
pa
pa
pa
pa
pa
pa
pa
pa
pa
pa
pa
pa
pa
pa
pa
pa
pa
pa
pa
pa
pa
pa
pa
pa
pa
pa
pa
pa
pa
pa
pa
pa
pa
pa
pa
pa
pa
pa
pa
pa
pa
pa
pa
pa
pa
pa
pa
pa
pa
pa
pa
pa
pa
pa
pa
pa
pa
pa
pa
pa
pa
pa
pb
ra
pb
ra
pb
ra
pb
ra
pb
ra
ra
pb
pb
ra
pb
ra
pb
ra
pb
ra
ra
pb
pb
ra
pb
ra
ra
pb
pb
ra
pb
ra
ra
pb
pb
ra
pb
ra
pb
ra
pb
ra
pb
ra
pb
ra
pb
ra
ra
pb
pb
ra
pb
ra
pb
ra
pb
ra
pb
ra
ra
pb
pb
ra
pb
ra
pb
ra
ra
pb
pb
ra
pb
pb
pb
pb
pb
pb
pb
pb
pb
pb
pb
pb
pb
pb
pb
pb
pb
pb
pb
pb
pb
pb
pb
pb
pb
pb
pb
pb
pa
pa
pa
pa
pa
pa
pa
pa
pa
pa
pa
pa
pa
pa
pa
pa
pa
pa
pa
pa
pa
pa
pa
pa
pa
pa
pa
pa
pa
pa
pa
pa
pa
pa
pa
pa
pa
pa
pa
pa
pa
pa
pa
pa
pa
pa
pa
pa
pa
pa
pa
pa
pa
pa
pa
pa
pa
pa
pa
pa
pa
pa
pa
pa
